  Restoring dotnet tools (this might take a while depending on your internet speed and should only happen upon building your project for the first time, or after upgrading MonoGame, or clearing your nuget cache)
  Tool 'dotnet-mgcb' (version '3.8.4') was restored. Available commands: mgcb
  Tool 'dotnet-mgcb-editor' (version '3.8.4') was restored. Available commands: mgcb-editor
  Tool 'dotnet-mgcb-editor-linux' (version '3.8.4') was restored. Available commands: mgcb-editor-linux
  Tool 'dotnet-mgcb-editor-windows' (version '3.8.4') was restored. Available commands: mgcb-editor-windows
  Tool 'dotnet-mgcb-editor-mac' (version '3.8.4') was restored. Available commands: mgcb-editor-mac
  
  Restore was successful.
C:\Users\anvar\source\repos\LifeSmith\Scenes\ShopScene.cs(109,82): error CS1061: 'GameStateManager' does not contain a definition for 'HasTool' and no accessible extension method 'HasTool' accepting a first argument of type 'GameStateManager' could be found (are you missing a using directive or an assembly reference?) [C:\Users\anvar\source\repos\LifeSmith\LifeSmith.csproj]
C:\Users\anvar\source\repos\LifeSmith\UI\NavigationBarUI.cs(130,43): error CS1061: 'GameStateManager' does not contain a definition for 'TimeOfDay' and no accessible extension method 'TimeOfDay' accepting a first argument of type 'GameStateManager' could be found (are you missing a using directive or an assembly reference?) [C:\Users\anvar\source\repos\LifeSmith\LifeSmith.csproj]
C:\Users\anvar\source\repos\LifeSmith\UI\NavigationBarUI.cs(130,56): error CS0103: The name 'TimeOfDay' does not exist in the current context [C:\Users\anvar\source\repos\LifeSmith\LifeSmith.csproj]
C:\Users\anvar\source\repos\LifeSmith\Scenes\PlayerApartmentScene.cs(97,43): error CS1061: 'GameStateManager' does not contain a definition for 'TimeOfDay' and no accessible extension method 'TimeOfDay' accepting a first argument of type 'GameStateManager' could be found (are you missing a using directive or an assembly reference?) [C:\Users\anvar\source\repos\LifeSmith\LifeSmith.csproj]
C:\Users\anvar\source\repos\LifeSmith\Scenes\PlayerApartmentScene.cs(97,56): error CS0103: The name 'TimeOfDay' does not exist in the current context [C:\Users\anvar\source\repos\LifeSmith\LifeSmith.csproj]
C:\Users\anvar\source\repos\LifeSmith\Scenes\PlayerApartmentScene.cs(107,43): error CS1061: 'GameStateManager' does not contain a definition for 'TimeOfDay' and no accessible extension method 'TimeOfDay' accepting a first argument of type 'GameStateManager' could be found (are you missing a using directive or an assembly reference?) [C:\Users\anvar\source\repos\LifeSmith\LifeSmith.csproj]
C:\Users\anvar\source\repos\LifeSmith\Scenes\PlayerApartmentScene.cs(107,56): error CS0103: The name 'TimeOfDay' does not exist in the current context [C:\Users\anvar\source\repos\LifeSmith\LifeSmith.csproj]
C:\Users\anvar\source\repos\LifeSmith\UI\NavigationBarUI.cs(158,105): error CS1061: 'GameStateManager' does not contain a definition for 'TimeOfDay' and no accessible extension method 'TimeOfDay' accepting a first argument of type 'GameStateManager' could be found (are you missing a using directive or an assembly reference?) [C:\Users\anvar\source\repos\LifeSmith\LifeSmith.csproj]
C:\Users\anvar\source\repos\LifeSmith\Scenes\JobSiteScene.cs(133,47): error CS1061: 'GameStateManager' does not contain a definition for 'HasTool' and no accessible extension method 'HasTool' accepting a first argument of type 'GameStateManager' could be found (are you missing a using directive or an assembly reference?) [C:\Users\anvar\source\repos\LifeSmith\LifeSmith.csproj]
C:\Users\anvar\source\repos\LifeSmith\Systems\ShopManager.cs(36,69): error CS1061: 'GameStateManager' does not contain a definition for 'HasTool' and no accessible extension method 'HasTool' accepting a first argument of type 'GameStateManager' could be found (are you missing a using directive or an assembly reference?) [C:\Users\anvar\source\repos\LifeSmith\LifeSmith.csproj]
C:\Users\anvar\source\repos\LifeSmith\Systems\ShopManager.cs(44,47): error CS1061: 'GameStateManager' does not contain a definition for 'UnlockTool' and no accessible extension method 'UnlockTool' accepting a first argument of type 'GameStateManager' could be found (are you missing a using directive or an assembly reference?) [C:\Users\anvar\source\repos\LifeSmith\LifeSmith.csproj]
C:\Users\anvar\source\repos\LifeSmith\Systems\EntryPoint.cs(25,65): error CS1061: 'GameStateManager' does not contain a definition for 'PreparedEntryPoints' and no accessible extension method 'PreparedEntryPoints' accepting a first argument of type 'GameStateManager' could be found (are you missing a using directive or an assembly reference?) [C:\Users\anvar\source\repos\LifeSmith\LifeSmith.csproj]
C:\Users\anvar\source\repos\LifeSmith\Systems\EntryPoint.cs(45,54): error CS1061: 'GameStateManager' does not contain a definition for 'PrepareEntryPoint' and no accessible extension method 'PrepareEntryPoint' accepting a first argument of type 'GameStateManager' could be found (are you missing a using directive or an assembly reference?) [C:\Users\anvar\source\repos\LifeSmith\LifeSmith.csproj]
C:\Users\anvar\source\repos\LifeSmith\Scenes\JobSiteScene.cs(206,43): error CS1061: 'GameStateManager' does not contain a definition for 'HasTool' and no accessible extension method 'HasTool' accepting a first argument of type 'GameStateManager' could be found (are you missing a using directive or an assembly reference?) [C:\Users\anvar\source\repos\LifeSmith\LifeSmith.csproj]
C:\Users\anvar\source\repos\LifeSmith\Scenes\JobSiteScene.cs(224,39): error CS1061: 'GameStateManager' does not contain a definition for 'PrepareEntryPoint' and no accessible extension method 'PrepareEntryPoint' accepting a first argument of type 'GameStateManager' could be found (are you missing a using directive or an assembly reference?) [C:\Users\anvar\source\repos\LifeSmith\LifeSmith.csproj]
C:\Users\anvar\source\repos\LifeSmith\Scenes\PlayerApartmentScene.cs(155,117): error CS1061: 'GameStateManager' does not contain a definition for 'TimeOfDay' and no accessible extension method 'TimeOfDay' accepting a first argument of type 'GameStateManager' could be found (are you missing a using directive or an assembly reference?) [C:\Users\anvar\source\repos\LifeSmith\LifeSmith.csproj]
C:\Users\anvar\source\repos\LifeSmith\Systems\JobManager.cs(42,39): error CS1061: 'GameStateManager' does not contain a definition for 'CurrentJobHouseId' and no accessible extension method 'CurrentJobHouseId' accepting a first argument of type 'GameStateManager' could be found (are you missing a using directive or an assembly reference?) [C:\Users\anvar\source\repos\LifeSmith\LifeSmith.csproj]
C:\Users\anvar\source\repos\LifeSmith\Systems\JobManager.cs(49,43): error CS1061: 'GameStateManager' does not contain a definition for 'CompletedJobs' and no accessible extension method 'CompletedJobs' accepting a first argument of type 'GameStateManager' could be found (are you missing a using directive or an assembly reference?) [C:\Users\anvar\source\repos\LifeSmith\LifeSmith.csproj]
C:\Users\anvar\source\repos\LifeSmith\Systems\EventManager.cs(61,76): error CS1061: 'GameStateManager' does not contain a definition for 'TimeOfDay' and no accessible extension method 'TimeOfDay' accepting a first argument of type 'GameStateManager' could be found (are you missing a using directive or an assembly reference?) [C:\Users\anvar\source\repos\LifeSmith\LifeSmith.csproj]
C:\Users\anvar\source\repos\LifeSmith\Systems\EventManager.cs(61,89): error CS0103: The name 'TimeOfDay' does not exist in the current context [C:\Users\anvar\source\repos\LifeSmith\LifeSmith.csproj]
C:\Users\anvar\source\repos\LifeSmith\Systems\EventManager.cs(62,78): error CS1061: 'GameStateManager' does not contain a definition for 'TimeOfDay' and no accessible extension method 'TimeOfDay' accepting a first argument of type 'GameStateManager' could be found (are you missing a using directive or an assembly reference?) [C:\Users\anvar\source\repos\LifeSmith\LifeSmith.csproj]
C:\Users\anvar\source\repos\LifeSmith\Systems\EventManager.cs(62,91): error CS0103: The name 'TimeOfDay' does not exist in the current context [C:\Users\anvar\source\repos\LifeSmith\LifeSmith.csproj]
C:\Users\anvar\source\repos\LifeSmith\Systems\EventManager.cs(68,48): error CS1061: 'GameStateManager' does not contain a definition for 'HasTool' and no accessible extension method 'HasTool' accepting a first argument of type 'GameStateManager' could be found (are you missing a using directive or an assembly reference?) [C:\Users\anvar\source\repos\LifeSmith\LifeSmith.csproj]
C:\Users\anvar\source\repos\LifeSmith\Scenes\NightInfiltrationScene.cs(192,39): error CS1061: 'GameStateManager' does not contain a definition for 'ClearEntryPoints' and no accessible extension method 'ClearEntryPoints' accepting a first argument of type 'GameStateManager' could be found (are you missing a using directive or an assembly reference?) [C:\Users\anvar\source\repos\LifeSmith\LifeSmith.csproj]
C:\Users\anvar\source\repos\LifeSmith\Scenes\NightInfiltrationScene.cs(199,39): error CS1061: 'GameStateManager' does not contain a definition for 'ClearEntryPoints' and no accessible extension method 'ClearEntryPoints' accepting a first argument of type 'GameStateManager' could be found (are you missing a using directive or an assembly reference?) [C:\Users\anvar\source\repos\LifeSmith\LifeSmith.csproj]
C:\Users\anvar\source\repos\LifeSmith\Scenes\PlayerApartmentScene.cs(20,24): warning CS0414: The field 'PlayerApartmentScene._instructions' is assigned but its value is never used [C:\Users\anvar\source\repos\LifeSmith\LifeSmith.csproj]

Build FAILED.

C:\Users\anvar\source\repos\LifeSmith\Scenes\PlayerApartmentScene.cs(20,24): warning CS0414: The field 'PlayerApartmentScene._instructions' is assigned but its value is never used [C:\Users\anvar\source\repos\LifeSmith\LifeSmith.csproj]
C:\Users\anvar\source\repos\LifeSmith\Scenes\ShopScene.cs(109,82): error CS1061: 'GameStateManager' does not contain a definition for 'HasTool' and no accessible extension method 'HasTool' accepting a first argument of type 'GameStateManager' could be found (are you missing a using directive or an assembly reference?) [C:\Users\anvar\source\repos\LifeSmith\LifeSmith.csproj]
C:\Users\anvar\source\repos\LifeSmith\UI\NavigationBarUI.cs(130,43): error CS1061: 'GameStateManager' does not contain a definition for 'TimeOfDay' and no accessible extension method 'TimeOfDay' accepting a first argument of type 'GameStateManager' could be found (are you missing a using directive or an assembly reference?) [C:\Users\anvar\source\repos\LifeSmith\LifeSmith.csproj]
C:\Users\anvar\source\repos\LifeSmith\UI\NavigationBarUI.cs(130,56): error CS0103: The name 'TimeOfDay' does not exist in the current context [C:\Users\anvar\source\repos\LifeSmith\LifeSmith.csproj]
C:\Users\anvar\source\repos\LifeSmith\Scenes\PlayerApartmentScene.cs(97,43): error CS1061: 'GameStateManager' does not contain a definition for 'TimeOfDay' and no accessible extension method 'TimeOfDay' accepting a first argument of type 'GameStateManager' could be found (are you missing a using directive or an assembly reference?) [C:\Users\anvar\source\repos\LifeSmith\LifeSmith.csproj]
C:\Users\anvar\source\repos\LifeSmith\Scenes\PlayerApartmentScene.cs(97,56): error CS0103: The name 'TimeOfDay' does not exist in the current context [C:\Users\anvar\source\repos\LifeSmith\LifeSmith.csproj]
C:\Users\anvar\source\repos\LifeSmith\Scenes\PlayerApartmentScene.cs(107,43): error CS1061: 'GameStateManager' does not contain a definition for 'TimeOfDay' and no accessible extension method 'TimeOfDay' accepting a first argument of type 'GameStateManager' could be found (are you missing a using directive or an assembly reference?) [C:\Users\anvar\source\repos\LifeSmith\LifeSmith.csproj]
C:\Users\anvar\source\repos\LifeSmith\Scenes\PlayerApartmentScene.cs(107,56): error CS0103: The name 'TimeOfDay' does not exist in the current context [C:\Users\anvar\source\repos\LifeSmith\LifeSmith.csproj]
C:\Users\anvar\source\repos\LifeSmith\UI\NavigationBarUI.cs(158,105): error CS1061: 'GameStateManager' does not contain a definition for 'TimeOfDay' and no accessible extension method 'TimeOfDay' accepting a first argument of type 'GameStateManager' could be found (are you missing a using directive or an assembly reference?) [C:\Users\anvar\source\repos\LifeSmith\LifeSmith.csproj]
C:\Users\anvar\source\repos\LifeSmith\Scenes\JobSiteScene.cs(133,47): error CS1061: 'GameStateManager' does not contain a definition for 'HasTool' and no accessible extension method 'HasTool' accepting a first argument of type 'GameStateManager' could be found (are you missing a using directive or an assembly reference?) [C:\Users\anvar\source\repos\LifeSmith\LifeSmith.csproj]
C:\Users\anvar\source\repos\LifeSmith\Systems\ShopManager.cs(36,69): error CS1061: 'GameStateManager' does not contain a definition for 'HasTool' and no accessible extension method 'HasTool' accepting a first argument of type 'GameStateManager' could be found (are you missing a using directive or an assembly reference?) [C:\Users\anvar\source\repos\LifeSmith\LifeSmith.csproj]
C:\Users\anvar\source\repos\LifeSmith\Systems\ShopManager.cs(44,47): error CS1061: 'GameStateManager' does not contain a definition for 'UnlockTool' and no accessible extension method 'UnlockTool' accepting a first argument of type 'GameStateManager' could be found (are you missing a using directive or an assembly reference?) [C:\Users\anvar\source\repos\LifeSmith\LifeSmith.csproj]
C:\Users\anvar\source\repos\LifeSmith\Systems\EntryPoint.cs(25,65): error CS1061: 'GameStateManager' does not contain a definition for 'PreparedEntryPoints' and no accessible extension method 'PreparedEntryPoints' accepting a first argument of type 'GameStateManager' could be found (are you missing a using directive or an assembly reference?) [C:\Users\anvar\source\repos\LifeSmith\LifeSmith.csproj]
C:\Users\anvar\source\repos\LifeSmith\Systems\EntryPoint.cs(45,54): error CS1061: 'GameStateManager' does not contain a definition for 'PrepareEntryPoint' and no accessible extension method 'PrepareEntryPoint' accepting a first argument of type 'GameStateManager' could be found (are you missing a using directive or an assembly reference?) [C:\Users\anvar\source\repos\LifeSmith\LifeSmith.csproj]
C:\Users\anvar\source\repos\LifeSmith\Scenes\JobSiteScene.cs(206,43): error CS1061: 'GameStateManager' does not contain a definition for 'HasTool' and no accessible extension method 'HasTool' accepting a first argument of type 'GameStateManager' could be found (are you missing a using directive or an assembly reference?) [C:\Users\anvar\source\repos\LifeSmith\LifeSmith.csproj]
C:\Users\anvar\source\repos\LifeSmith\Scenes\JobSiteScene.cs(224,39): error CS1061: 'GameStateManager' does not contain a definition for 'PrepareEntryPoint' and no accessible extension method 'PrepareEntryPoint' accepting a first argument of type 'GameStateManager' could be found (are you missing a using directive or an assembly reference?) [C:\Users\anvar\source\repos\LifeSmith\LifeSmith.csproj]
C:\Users\anvar\source\repos\LifeSmith\Scenes\PlayerApartmentScene.cs(155,117): error CS1061: 'GameStateManager' does not contain a definition for 'TimeOfDay' and no accessible extension method 'TimeOfDay' accepting a first argument of type 'GameStateManager' could be found (are you missing a using directive or an assembly reference?) [C:\Users\anvar\source\repos\LifeSmith\LifeSmith.csproj]
C:\Users\anvar\source\repos\LifeSmith\Systems\JobManager.cs(42,39): error CS1061: 'GameStateManager' does not contain a definition for 'CurrentJobHouseId' and no accessible extension method 'CurrentJobHouseId' accepting a first argument of type 'GameStateManager' could be found (are you missing a using directive or an assembly reference?) [C:\Users\anvar\source\repos\LifeSmith\LifeSmith.csproj]
C:\Users\anvar\source\repos\LifeSmith\Systems\JobManager.cs(49,43): error CS1061: 'GameStateManager' does not contain a definition for 'CompletedJobs' and no accessible extension method 'CompletedJobs' accepting a first argument of type 'GameStateManager' could be found (are you missing a using directive or an assembly reference?) [C:\Users\anvar\source\repos\LifeSmith\LifeSmith.csproj]
C:\Users\anvar\source\repos\LifeSmith\Systems\EventManager.cs(61,76): error CS1061: 'GameStateManager' does not contain a definition for 'TimeOfDay' and no accessible extension method 'TimeOfDay' accepting a first argument of type 'GameStateManager' could be found (are you missing a using directive or an assembly reference?) [C:\Users\anvar\source\repos\LifeSmith\LifeSmith.csproj]
C:\Users\anvar\source\repos\LifeSmith\Systems\EventManager.cs(61,89): error CS0103: The name 'TimeOfDay' does not exist in the current context [C:\Users\anvar\source\repos\LifeSmith\LifeSmith.csproj]
C:\Users\anvar\source\repos\LifeSmith\Systems\EventManager.cs(62,78): error CS1061: 'GameStateManager' does not contain a definition for 'TimeOfDay' and no accessible extension method 'TimeOfDay' accepting a first argument of type 'GameStateManager' could be found (are you missing a using directive or an assembly reference?) [C:\Users\anvar\source\repos\LifeSmith\LifeSmith.csproj]
C:\Users\anvar\source\repos\LifeSmith\Systems\EventManager.cs(62,91): error CS0103: The name 'TimeOfDay' does not exist in the current context [C:\Users\anvar\source\repos\LifeSmith\LifeSmith.csproj]
C:\Users\anvar\source\repos\LifeSmith\Systems\EventManager.cs(68,48): error CS1061: 'GameStateManager' does not contain a definition for 'HasTool' and no accessible extension method 'HasTool' accepting a first argument of type 'GameStateManager' could be found (are you missing a using directive or an assembly reference?) [C:\Users\anvar\source\repos\LifeSmith\LifeSmith.csproj]
C:\Users\anvar\source\repos\LifeSmith\Scenes\NightInfiltrationScene.cs(192,39): error CS1061: 'GameStateManager' does not contain a definition for 'ClearEntryPoints' and no accessible extension method 'ClearEntryPoints' accepting a first argument of type 'GameStateManager' could be found (are you missing a using directive or an assembly reference?) [C:\Users\anvar\source\repos\LifeSmith\LifeSmith.csproj]
C:\Users\anvar\source\repos\LifeSmith\Scenes\NightInfiltrationScene.cs(199,39): error CS1061: 'GameStateManager' does not contain a definition for 'ClearEntryPoints' and no accessible extension method 'ClearEntryPoints' accepting a first argument of type 'GameStateManager' could be found (are you missing a using directive or an assembly reference?) [C:\Users\anvar\source\repos\LifeSmith\LifeSmith.csproj]
    1 Warning(s)
    25 Error(s)

Time Elapsed 00:00:01.04

Workload updates are available. Run `dotnet workload list` for more information.
